func Main()
w_0 = 12
print(w_0)
ret_ = 0
return ret_

