func Main()
    w1 = 12
    w3 = 21
    w0 = w1 + w3
    print(w0)
    ret_ = 0
    return ret_
    
