func Main()
    w4 = 4
    w2 = alloc(w4)
    if0 w2 goto null_2
    goto passNull_2
  null_2:
    error("null pointer")
  passNull_2:
    w4 = 4
    w3 = alloc(w4)
    if0 w3 goto null_3
    goto passNull_3
  null_3:
    error("null pointer")
  passNull_3:
    [w2 + 0] = w3
    w4 = @A_run
    [w3 + 0] = w4
    w1 = [w2 + 0]
    w1 = [w1 + 0]
    w0 = call w1(w2)
    print(w0)
    ret_ = 0
    return ret_
    
func A_run(this)
    w6 = 42
    print(w6)
    w7 = 99
    return w7
    
