ParseException: Encountered " <IDENTIFIER> "w_2 "" at line 2, column 1.
Was expecting:
    "return" ...
    
