func Main()
w_2 = alloc(4)
w_3 = alloc(8)
[w_2 + 0] = w_3
[w_3 + 0] = @A_helper
[w_3 + 4] = @A_run
w_1 = @A_run
w_0 = call w_1(w_2)
print(w_0)
ret_ = 0
return ret_

func A_run(this)
a = 0
b = 0
java.lang.NullPointerException
