ParseException: Encountered " <IDENTIFIER> "java "" at line 162, column 1.
Was expecting:
    "return" ...
    
