ParseException: Encountered " <IDENTIFIER> "java "" at line 208, column 1.
Was expecting:
    "return" ...
    
