ParseException: Encountered " <IDENTIFIER> "java "" at line 216, column 1.
Was expecting:
    "return" ...
    
