func Main()
s3 = @f
s4 = call s3()
print(s4)
v1 = s4
return v1

func f()
s3 = 10
s4 = 20
s5 = s3 + s4
s6 = 30
s7 = s3 < s6
if0 s7 goto L8
s8 = s3 + s5
s9 = s3 + s4
goto L10
L8:
s10 = s4 + s5
goto L14
L10:
s11 = 50
s4 = s8 + s11
t0 = s5 + s8
t1 = t0 + s9
print(t1)
s10 = s5 + s9
t2 = 40
s4 = s4 + t2
goto L8
L14:
t3 = 10
s9 = s3 + t3
L22:
s4 = 55
t4 = 20
s5 = s3 - t4
t5 = s4 < s5
if0 t5 goto L20
s8 = s5 + s4
s10 = s8 - t3
s7 = s8 + s10
print(s7)
s4 = s5 + s10
s11 = 2
s9 = s11 - s4
goto L22
L20:
t1 = 7
s4 = s9 + t1
s5 = s5 + s4
s11 = 2
s10 = s11 * s5
t2 = s9 + t3
s3 = 55
t5 = s3
s7 = @func_g
s6 = t2 < t5
if0 s6 goto L27
t1 = t2 - t4
save_reg_t4 = t4
save_reg_s3 = s3
save_reg_s4 = s4
save_reg_s5 = s5
save_reg_s6 = s6
save_reg_s7 = s7
save_reg_s8 = s8
save_reg_s9 = s9
save_reg_s11 = s11
save_reg_s10 = s10
save_reg_t0 = t0
save_reg_t1 = t1
save_reg_t2 = t2
save_reg_t3 = t3
h = t5
i = t1
a2 = s4
a3 = s5
a4 = s8
a5 = s10
a6 = s9
a7 = t2
t5 = call s7(h i)
t4 = save_reg_t4
s3 = save_reg_s3
s4 = save_reg_s4
s5 = save_reg_s5
s6 = save_reg_s6
s7 = save_reg_s7
s8 = save_reg_s8
s9 = save_reg_s9
s11 = save_reg_s11
s10 = save_reg_s10
t0 = save_reg_t0
t1 = save_reg_t1
t2 = save_reg_t2
t3 = save_reg_t3
t3 = t1 + t5
goto L29
L27:
s3 = 1
s6 = t2 + s3
t3 = s11 * s6
L29:
s4 = 5
s9 = t3 - s4
s6 = t2 + s9
s10 = t3 - s6
s7 = s10 + s9
print(s7)
t1 = t3 + s6
s5 = s5 + s8
t5 = s8 + t4
s3 = t1 + t5
t0 = s8 < s3
L3:
if0 t0 goto L12
s11 = s8 + t5
s4 = 30
s9 = s11 + s4
s9 = t1 - s9
s3 = s11 - s9
s10 = 0
t0 = s3 * s10
t5 = s5 + t2
s3 = s11 + s3
s7 = t5 - s3
print(s7)
goto L3
L12:
t2 = s6 - s3
t2 = s11 + t2
g = t2
return g

func func_g(x7 x8)
s3 = a2 + a3
s4 = a4 + a5
s5 = a6 + a7
s1 = x7
s2 = x8
s6 = s1 + s2
s7 = 10
s8 = s7
s1 = x8
s9 = s1 < a2
if0 s9 goto L42
s10 = @func_g
save_reg_s4 = s4
save_reg_s5 = s5
save_reg_s11 = s11
save_reg_s6 = s6
save_reg_s8 = s8
save_reg_t0 = t0
save_reg_t1 = t1
save_reg_t2 = t2
save_reg_t3 = t3
x2 = a3
ten = s7
a2 = s9
a3 = x7
a4 = s9
a5 = a6
a6 = s7
a7 = s9
s3 = call s10(x2 ten)
s4 = save_reg_s4
s5 = save_reg_s5
s11 = save_reg_s11
s6 = save_reg_s6
s8 = save_reg_s8
t0 = save_reg_t0
t1 = save_reg_t1
t2 = save_reg_t2
t3 = save_reg_t3
L42:
s8 = s6 - s3
s11 = s4 * s8
t0 = s5 - s11
t1 = s6 + s8
t2 = s8 + s11
t3 = t0 + t1
j = t3
return j

